// Jest Snapshot v1, https://goo.gl/fbAQLP

exports[`Pruebas en <TodoApp/> Debe de mostrarse correctamente 1`] = `
<div>
  <h1>
    ToDoApp (
    0
    )
  </h1>
  <hr />
  <div
    className="row"
  >
    <div
      className="col-7"
    >
      <TodoList
        handleDelete={[Function]}
        handleToggle={[Function]}
        todos={Array []}
      />
    </div>
    <div
      className="col-5"
    >
      <ToDoAdd
        handleAddTodo={[Function]}
      />
    </div>
  </div>
</div>
`;
