// Jest Snapshot v1, https://goo.gl/fbAQLP

exports[`Pruebas en <GifExpertApp/> Debe de mostrar una lista de categor√≠as 1`] = `
<Fragment>
  <h2>
    GifExpertApp
  </h2>
  <AddCategory
    setCategories={[Function]}
  />
  <hr />
  <ol>
    <GifGrid
      category="Dragon Ball"
      key="Dragon Ball"
    />
    <GifGrid
      category="Captain Tsubasa"
      key="Captain Tsubasa"
    />
  </ol>
</Fragment>
`;

exports[`Pruebas en <GifExpertApp/> Debe de mostrarse correctamente  1`] = `
<Fragment>
  <h2>
    GifExpertApp
  </h2>
  <AddCategory
    setCategories={[Function]}
  />
  <hr />
  <ol />
</Fragment>
`;
